#-----------------------------------------------------------
# Vivado v2018.3 (64-bit)
# SW Build 2405991 on Thu Dec  6 23:38:27 MST 2018
# IP Build 2404404 on Fri Dec  7 01:43:56 MST 2018
# Start of session at: Thu Jul  7 11:11:14 2022
# Process ID: 4156
# Current directory: C:/Users/lenovo/Downloads/22_7_7_SingleCycle/SingleCycle/cpuIO
# Command line: vivado.exe -gui_launcher_event rodinguilauncherevent5924 C:\Users\lenovo\Downloads\22_7_7_SingleCycle\SingleCycle\cpuIO\CPU_Project.xpr
# Log file: C:/Users/lenovo/Downloads/22_7_7_SingleCycle/SingleCycle/cpuIO/vivado.log
# Journal file: C:/Users/lenovo/Downloads/22_7_7_SingleCycle/SingleCycle/cpuIO\vivado.jou
#-----------------------------------------------------------
start_gui
open_project C:/Users/lenovo/Downloads/22_7_7_SingleCycle/SingleCycle/cpuIO/CPU_Project.xpr
update_compile_order -fileset sources_1
launch_runs synth_1 -jobs 8
wait_on_run synth_1
reset_run synth_1
launch_runs synth_1 -jobs 8
wait_on_run synth_1
add_files -norecurse C:/Users/lenovo/Downloads/22_7_7_SingleCycle/SingleCycle/cpuIO/CPU_Project.srcs/sources_1/new/divider.v
update_compile_order -fileset sources_1
add_files -norecurse C:/Users/lenovo/Downloads/22_7_7_SingleCycle/SingleCycle/cpuIO/CPU_Project.srcs/sources_1/new/display.v
update_compile_order -fileset sources_1
add_files -norecurse C:/Users/lenovo/Downloads/22_7_7_SingleCycle/SingleCycle/cpuIO/CPU_Project.srcs/sources_1/new/iosel.v
update_compile_order -fileset sources_1
reset_run synth_1
launch_runs synth_1 -jobs 8
wait_on_run synth_1
launch_runs impl_1 -jobs 8
wait_on_run impl_1
launch_runs impl_1 -to_step write_bitstream -jobs 8
wait_on_run impl_1
reset_run synth_1
launch_runs synth_1 -jobs 8
wait_on_run synth_1
launch_runs impl_1 -jobs 8
wait_on_run impl_1
launch_runs impl_1 -to_step write_bitstream -jobs 8
wait_on_run impl_1
open_hw
connect_hw_server
connect_hw_server
open_hw_target
set_property PROGRAM.FILE {C:/Users/lenovo/Downloads/22_7_7_SingleCycle/SingleCycle/cpuIO/CPU_Project.runs/impl_1/top.bit} [get_hw_devices xc7a100t_0]
current_hw_device [get_hw_devices xc7a100t_0]
refresh_hw_device -update_hw_probes false [lindex [get_hw_devices xc7a100t_0] 0]
set_property PROBES.FILE {} [get_hw_devices xc7a100t_0]
set_property FULL_PROBES.FILE {} [get_hw_devices xc7a100t_0]
set_property PROGRAM.FILE {C:/Users/lenovo/Downloads/22_7_7_SingleCycle/SingleCycle/cpuIO/CPU_Project.runs/impl_1/top.bit} [get_hw_devices xc7a100t_0]
program_hw_devices [get_hw_devices xc7a100t_0]
refresh_hw_device [lindex [get_hw_devices xc7a100t_0] 0]
